{"logTime": "0917/120822", "correlationVector":"zhiAvLKVG2eaFgiHXrGkuy.1","action":"SyncServerConnectionManagerRequest", "result":"SYNC_SERVER_OK", "context":{"environment":"Prod_southeastasia_prod-s01-065-apac-southeastasia", "migrationStage":"NotStarted", "server":"akswtt00300000l"}}
{"logTime": "0917/120822", "correlationVector":"zhiAvLKVG2eaFgiHXrGkuy.2","action":"ProcessGetUpdates", "result":"Done", "context":{"dataType":"Encryption Keys", "deleted":"0", "process_failed_to_decrypt":"0", "process_pending_decryption":"0", "process_success":"1", "total":"1"}}
{"logTime": "0917/120822", "correlationVector":"0LkSZANhD85isU709Mi9hK","action":"SyncServerConnectionManagerRequest", "result":"SYNC_SERVER_OK", "context":{"environment":"", "migrationStage":"", "server":""}}
{"logTime": "0917/120822", "correlationVector":"0LkSZANhD85isU709Mi9hK.0","action":"EncryptionKeysFetcher.DownloadKeys:", "result":"Success", "context":Key count: 1, Last key timestamp: 2026-06-23T00:12:12Z}
{"logTime": "0917/120822", "correlationVector":"0LkSZANhD85isU709Mi9hK.1","action":"EncryptionKeysManager::SetEncryptionKeys:", "result":"Success", "context":Key names[1]:[GJua83nPiZv/sOzP1HwEkuevv9cfDsX8Q+MRexLdDgU6KgHqyqmaGm3g154YAKWU0f0BH8VnHM/Xu4FEyM4Skg==]}
{"logTime": "0917/120822", "correlationVector":"0LkSZANhD85isU709Mi9hK.2","action":"EncryptionKeysManager::SetEncryptionKeysWithTimestamps:", "result":"Success", "context":Key timestamps[1]:[2026-06-23T00:12:12Z]}
{"logTime": "0917/120822", "correlationVector":"zhiAvLKVG2eaFgiHXrGkuy","action":"Initial GetUpdates", "result":"", "context":Reason: NEW_CLIENT. cV=zhiAvLKVG2eaFgiHXrGkuy}
{"logTime": "0917/120822", "correlationVector":"zhiAvLKVG2eaFgiHXrGkuy.3","action":"GetUpdates Response", "result":"Success", "context":Received 1 update(s). cV=zhiAvLKVG2eaFgiHXrGkuy.0;server=akswtt00300000l;cloudType=Consumer;environment=Prod_southeastasia_prod-s01-065-apac-southeastasia;migrationStage=NotStarted}
{"logTime": "0917/120822", "correlationVector":"FY9nZ3rWD2138cqWYW2A5U","action":"Initial GetUpdates", "result":"", "context":Reason: NEWLY_SUPPORTED_DATATYPE. cV=FY9nZ3rWD2138cqWYW2A5U}
{"logTime": "0917/120822", "correlationVector":"FY9nZ3rWD2138cqWYW2A5U.1","action":"SyncServerConnectionManagerRequest", "result":"SYNC_SERVER_OK", "context":{"environment":"Prod_southeastasia_prod-s01-065-apac-southeastasia", "migrationStage":"NotStarted", "server":"akswtt003000007"}}
{"logTime": "0917/120822", "correlationVector":"FY9nZ3rWD2138cqWYW2A5U.2","action":"ProcessGetUpdates", "result":"Done", "context":{"dataType":"Device Info", "deleted":"0", "process_failed_to_decrypt":"0", "process_pending_decryption":"0", "process_success":"2", "total":"2"}}
{"logTime": "0917/120822", "correlationVector":"FY9nZ3rWD2138cqWYW2A5U.3","action":"GetUpdates Response", "result":"Success", "context":Received 2 update(s). cV=FY9nZ3rWD2138cqWYW2A5U.0;server=akswtt003000007;cloudType=Consumer;environment=Prod_southeastasia_prod-s01-065-apac-southeastasia;migrationStage=NotStarted}
{"logTime": "0917/120823", "correlationVector":"r+lWIwDbQRpz8La3AR+OWK","action":"Initial GetUpdates", "result":"", "context":Reason: NEWLY_SUPPORTED_DATATYPE. cV=r+lWIwDbQRpz8La3AR+OWK}
{"logTime": "0917/120823", "correlationVector":"r+lWIwDbQRpz8La3AR+OWK.1","action":"SyncServerConnectionManagerRequest", "result":"SYNC_SERVER_OK", "context":{"environment":"Prod_southeastasia_prod-s01-065-apac-southeastasia", "migrationStage":"NotStarted", "server":"akswtt00300002p"}}
{"logTime": "0917/120823", "correlationVector":"r+lWIwDbQRpz8La3AR+OWK.2","action":"ProcessGetUpdates", "result":"Done", "context":{"dataType":"Bookmarks", "deleted":"0", "process_failed_to_decrypt":"0", "process_pending_decryption":"0", "process_success":"6", "total":"6"}}
{"logTime": "0917/120823", "correlationVector":"r+lWIwDbQRpz8La3AR+OWK.3","action":"ProcessGetUpdates", "result":"Done", "context":{"dataType":"Preferences", "deleted":"0", "process_failed_to_decrypt":"0", "process_pending_decryption":"0", "process_success":"39", "total":"39"}}
{"logTime": "0917/120823", "correlationVector":"r+lWIwDbQRpz8La3AR+OWK.4","action":"ProcessGetUpdates", "result":"Done", "context":{"dataType":"Autofill Profiles", "deleted":"0", "process_failed_to_decrypt":"0", "process_pending_decryption":"0", "process_success":"1", "total":"1"}}
{"logTime": "0917/120823", "correlationVector":"r+lWIwDbQRpz8La3AR+OWK.5","action":"ProcessGetUpdates", "result":"Done", "context":{"dataType":"Autofill", "deleted":"0", "process_failed_to_decrypt":"0", "process_pending_decryption":"0", "process_success":"6", "total":"6"}}
{"logTime": "0917/120823", "correlationVector":"r+lWIwDbQRpz8La3AR+OWK.6","action":"ProcessGetUpdates", "result":"Done", "context":{"dataType":"Sessions", "deleted":"16", "process_failed_to_decrypt":"0", "process_pending_decryption":"0", "process_success":"22", "total":"22"}}
{"logTime": "0917/120823", "correlationVector":"r+lWIwDbQRpz8La3AR+OWK.7","action":"ProcessGetUpdates", "result":"Done", "context":{"dataType":"Edge Hub App Usage", "deleted":"0", "process_failed_to_decrypt":"0", "process_pending_decryption":"0", "process_success":"3", "total":"3"}}
{"logTime": "0917/120823", "correlationVector":"r+lWIwDbQRpz8La3AR+OWK.8","action":"GetUpdates Response", "result":"Success", "context":Received 77 update(s). cV=r+lWIwDbQRpz8La3AR+OWK.0;server=akswtt00300002p;cloudType=Consumer;environment=Prod_southeastasia_prod-s01-065-apac-southeastasia;migrationStage=NotStarted}
{"logTime": "0917/120823", "correlationVector":"9ry+zKL7qHv7twhUGMZGR8","action":"Initial GetUpdates", "result":"", "context":Reason: NEWLY_SUPPORTED_DATATYPE. cV=9ry+zKL7qHv7twhUGMZGR8}
{"logTime": "0917/120823", "correlationVector":"9ry+zKL7qHv7twhUGMZGR8.1","action":"SyncServerConnectionManagerRequest", "result":"SYNC_SERVER_OK", "context":{"environment":"Prod_southeastasia_prod-s01-065-apac-southeastasia", "migrationStage":"NotStarted", "server":"akswtt003000058"}}
{"logTime": "0917/120823", "correlationVector":"9ry+zKL7qHv7twhUGMZGR8.2","action":"ProcessGetUpdates", "result":"Done", "context":{"dataType":"History", "deleted":"0", "process_failed_to_decrypt":"0", "process_pending_decryption":"0", "process_success":"250", "total":"250"}}
{"logTime": "0917/120823", "correlationVector":"9ry+zKL7qHv7twhUGMZGR8.3","action":"GetUpdates Response", "result":"Success", "context":Received 250 update(s). cV=9ry+zKL7qHv7twhUGMZGR8.0;server=akswtt003000058;cloudType=Consumer;environment=Prod_southeastasia_prod-s01-065-apac-southeastasia;migrationStage=NotStarted Some updates remain.}
{"logTime": "0917/120823", "correlationVector":"XXhthfNVwpU5tuVZ68kowF","action":"Initial GetUpdates", "result":"", "context":Reason: NEWLY_SUPPORTED_DATATYPE. cV=XXhthfNVwpU5tuVZ68kowF}
{"logTime": "0917/120824", "correlationVector":"XXhthfNVwpU5tuVZ68kowF.1","action":"SyncServerConnectionManagerRequest", "result":"SYNC_SERVER_OK", "context":{"environment":"Prod_southeastasia_prod-s01-065-apac-southeastasia", "migrationStage":"NotStarted", "server":"akswtt00300002p"}}
{"logTime": "0917/120824", "correlationVector":"XXhthfNVwpU5tuVZ68kowF.2","action":"ProcessGetUpdates", "result":"Done", "context":{"dataType":"History", "deleted":"0", "process_failed_to_decrypt":"0", "process_pending_decryption":"0", "process_success":"250", "total":"250"}}
{"logTime": "0917/120824", "correlationVector":"XXhthfNVwpU5tuVZ68kowF.3","action":"GetUpdates Response", "result":"Success", "context":Received 250 update(s). cV=XXhthfNVwpU5tuVZ68kowF.0;server=akswtt00300002p;cloudType=Consumer;environment=Prod_southeastasia_prod-s01-065-apac-southeastasia;migrationStage=NotStarted Some updates remain.}
{"logTime": "0917/120824", "correlationVector":"qJiABWS6D3RKvNyxpl8oJS","action":"Initial GetUpdates", "result":"", "context":Reason: NEWLY_SUPPORTED_DATATYPE. cV=qJiABWS6D3RKvNyxpl8oJS}
{"logTime": "0917/120824", "correlationVector":"qJiABWS6D3RKvNyxpl8oJS.1","action":"SyncServerConnectionManagerRequest", "result":"SYNC_SERVER_OK", "context":{"environment":"Prod_southeastasia_prod-s01-065-apac-southeastasia", "migrationStage":"NotStarted", "server":"akswtt00300002y"}}
{"logTime": "0917/120824", "correlationVector":"qJiABWS6D3RKvNyxpl8oJS.2","action":"ProcessGetUpdates", "result":"Done", "context":{"dataType":"History", "deleted":"0", "process_failed_to_decrypt":"0", "process_pending_decryption":"0", "process_success":"64", "total":"64"}}
{"logTime": "0917/120824", "correlationVector":"qJiABWS6D3RKvNyxpl8oJS.3","action":"GetUpdates Response", "result":"Success", "context":Received 64 update(s). cV=qJiABWS6D3RKvNyxpl8oJS.0;server=akswtt00300002y;cloudType=Consumer;environment=Prod_southeastasia_prod-s01-065-apac-southeastasia;migrationStage=NotStarted}
{"logTime": "0917/120824", "correlationVector":"AyrHCEohPeoZg/+3teSlia","action":"Normal GetUpdate request", "result":"", "context":cV=AyrHCEohPeoZg/+3teSlia
Nudged types: Sessions, Device Info, User Consents
Refresh requested types: Bookmarks, Preferences, Passwords, Autofill Profiles, Autofill, Extensions, Sessions, Extension settings, History Delete Directives, Device Info, User Consents, Send Tab To Self, Web Apps, History, Saved Tab Group, WebAuthn Credentials, Edge Hub App Usage, Edge Workspace, Encryption Keys}
{"logTime": "0917/120825", "correlationVector":"AyrHCEohPeoZg/+3teSlia.1","action":"SyncServerConnectionManagerRequest", "result":"SYNC_SERVER_OK", "context":{"environment":"Prod_southeastasia_prod-s01-065-apac-southeastasia", "migrationStage":"NotStarted", "server":"akswtt00300002p"}}
{"logTime": "0917/120825", "correlationVector":"AyrHCEohPeoZg/+3teSlia.2","action":"GetUpdates Response", "result":"Success", "context":Received 0 update(s). cV=AyrHCEohPeoZg/+3teSlia.0;server=akswtt00300002p;cloudType=Consumer;environment=Prod_southeastasia_prod-s01-065-apac-southeastasia;migrationStage=NotStarted}
{"logTime": "0917/120825", "correlationVector":"lS3zn1QL1zJEwATHHZmURp","action":"DoCompareDataConsistency requsted types: ", "result":"Bookmarks, Preferences, Passwords, Extensions, Extension settings, History Delete Directives, Send Tab To Self, Web Apps, History, Saved Tab Group, WebAuthn Credentials, Edge Workspace, Encryption Keys"}
{"logTime": "0917/120825", "correlationVector":"lS3zn1QL1zJEwATHHZmURp.0","action":"CompareDataConsistency result: ", "result":"Compare result: Encryption Keys is consistent. local entities count is: 1 local entities hash is: 2CPhnTSbKBdpEHkRpdzPbJ/Rqf4="}
{"logTime": "0917/120825", "correlationVector":"lS3zn1QL1zJEwATHHZmURp.1","action":"CompareDataConsistency result: ", "result":"Compare result: Bookmarks is consistent. local entities count is: 0 local entities hash is: "}
{"logTime": "0917/120825", "correlationVector":"lS3zn1QL1zJEwATHHZmURp.2","action":"CompareDataConsistency result: ", "result":"Compare result: Preferences is consistent. local entities count is: 39 local entities hash is: 4RXbpzPA0YLY4tGwTKEW2uvB2Lg="}
{"logTime": "0917/120825", "correlationVector":"lS3zn1QL1zJEwATHHZmURp.3","action":"CompareDataConsistency result: ", "result":"Compare result: Extensions is consistent. local entities count is: 0 local entities hash is: "}
{"logTime": "0917/120825", "correlationVector":"lS3zn1QL1zJEwATHHZmURp.4","action":"CompareDataConsistency result: ", "result":"Compare result: Extension settings is consistent. local entities count is: 0 local entities hash is: "}
{"logTime": "0917/120825", "correlationVector":"lS3zn1QL1zJEwATHHZmURp.5","action":"CompareDataConsistency result: ", "result":"Compare result: History Delete Directives is consistent. local entities count is: 0 local entities hash is: "}
{"logTime": "0917/120825", "correlationVector":"lS3zn1QL1zJEwATHHZmURp.6","action":"CompareDataConsistency result: ", "result":"Server did not send this Send Tab To Self local entities count is: 0 local entities hash is: "}
{"logTime": "0917/120825", "correlationVector":"lS3zn1QL1zJEwATHHZmURp.7","action":"CompareDataConsistency result: ", "result":"Compare result: Web Apps is consistent. local entities count is: 0 local entities hash is: "}
{"logTime": "0917/120825", "correlationVector":"lS3zn1QL1zJEwATHHZmURp.8","action":"CompareDataConsistency result: ", "result":"Server did not send this History local entities count is: 0 local entities hash is: "}
{"logTime": "0917/120825", "correlationVector":"lS3zn1QL1zJEwATHHZmURp.9","action":"CompareDataConsistency result: ", "result":"Compare result: Saved Tab Group is consistent. local entities count is: 0 local entities hash is: "}
{"logTime": "0917/120825", "correlationVector":"lS3zn1QL1zJEwATHHZmURp.10","action":"CompareDataConsistency result: ", "result":"Server did not send this WebAuthn Credentials local entities count is: 0 local entities hash is: "}
{"logTime": "0917/120825", "correlationVector":"lS3zn1QL1zJEwATHHZmURp.11","action":"CompareDataConsistency result: ", "result":"Server did not send this Edge Workspace local entities count is: 0 local entities hash is: "}
{"logTime": "0917/120825", "correlationVector":"lS3zn1QL1zJEwATHHZmURp.12","action":"CompareDataConsistency result: ", "result":"Compare result: Passwords is consistent. local entities count is: 0 local entities hash is: "}
{"logTime": "0917/120825", "correlationVector":"UuoUuzjOGQi17poMV6XUxd","action":"Commit Request", "result":"", "context":Item count: 4
Contributing types: Sessions, Device Info, User Consents}
{"logTime": "0917/120825", "correlationVector":"UuoUuzjOGQi17poMV6XUxd.1","action":"SyncServerConnectionManagerRequest", "result":"SYNC_SERVER_OK", "context":{"environment":"Prod_southeastasia_prod-s01-065-apac-southeastasia", "migrationStage":"NotStarted", "server":"akswtt00300002y"}}
{"logTime": "0917/120825", "correlationVector":"UuoUuzjOGQi17poMV6XUxd.2","action":"Commit Response", "result":"Success", "context":Result: Success. cV=UuoUuzjOGQi17poMV6XUxd.0;server=akswtt00300002y;cloudType=Consumer;environment=Prod_southeastasia_prod-s01-065-apac-southeastasia;migrationStage=NotStarted}
{"logTime": "0917/120825", "correlationVector":"","action":"DIAGNOSTIC_REQUEST|v1/diagnosticData/Diagnostic.SendCheckResult()|SUCCESS", "result":""}
{"logTime": "0917/125230", "correlationVector":"6MVT5zsWp/9MYgjHA/kxXO","action":"Normal GetUpdate request", "result":"", "context":cV=6MVT5zsWp/9MYgjHA/kxXO
Nudged types: Sessions, History
Refresh requested types: Bookmarks, Preferences, Passwords, Autofill Profiles, Autofill, Extensions, Sessions, Extension settings, History Delete Directives, Device Info, User Consents, Send Tab To Self, Web Apps, History, Saved Tab Group, WebAuthn Credentials, Edge Hub App Usage, Edge Workspace, Encryption Keys}
{"logTime": "0917/125230", "correlationVector":"6MVT5zsWp/9MYgjHA/kxXO.1","action":"SyncServerConnectionManagerRequest", "result":"SYNC_SERVER_OK", "context":{"environment":"Prod_southeastasia_prod-s01-064-apac-southeastasia", "migrationStage":"NotStarted", "server":"akswtt00300004k"}}
{"logTime": "0917/125230", "correlationVector":"6MVT5zsWp/9MYgjHA/kxXO.2","action":"ProcessGetUpdates", "result":"Done", "context":{"dataType":"History", "deleted":"0", "process_failed_to_decrypt":"0", "process_pending_decryption":"0", "process_success":"3", "total":"3"}}
{"logTime": "0917/125230", "correlationVector":"6MVT5zsWp/9MYgjHA/kxXO.3","action":"GetUpdates Response", "result":"Success", "context":Received 3 update(s). cV=6MVT5zsWp/9MYgjHA/kxXO.0;server=akswtt00300004k;cloudType=Consumer;environment=Prod_southeastasia_prod-s01-064-apac-southeastasia;migrationStage=NotStarted}
{"logTime": "0917/125230", "correlationVector":"PBuznADGG0POW8lg36Q+2f","action":"Commit Request", "result":"", "context":Item count: 7
Contributing types: Sessions, History}
{"logTime": "0917/125231", "correlationVector":"PBuznADGG0POW8lg36Q+2f.1","action":"SyncServerConnectionManagerRequest", "result":"SYNC_SERVER_OK", "context":{"environment":"Prod_southeastasia_prod-s01-064-apac-southeastasia", "migrationStage":"NotStarted", "server":"akswtt00300003k"}}
{"logTime": "0917/125231", "correlationVector":"PBuznADGG0POW8lg36Q+2f.3","action":"Commit.Sessions", "result":"Success", "context":{"id":"dcd2f875-019a-4383-a727-2b79092bddc3", "isDeleted":"true", "size":"0", "version":"1789647466992"}}
{"logTime": "0917/125231", "correlationVector":"PBuznADGG0POW8lg36Q+2f.2","action":"Commit Response", "result":"Success", "context":Result: Success. cV=PBuznADGG0POW8lg36Q+2f.0;server=akswtt00300003k;cloudType=Consumer;environment=Prod_southeastasia_prod-s01-064-apac-southeastasia;migrationStage=NotStarted}
{"logTime": "0917/125746", "correlationVector":"no6gjZbE9DwApP7ekiIIvA","action":"Normal GetUpdate request", "result":"", "context":cV=no6gjZbE9DwApP7ekiIIvA
Nudged types: Sessions, History
Refresh requested types: Bookmarks, Preferences, Passwords, Autofill Profiles, Autofill, Extensions, Sessions, Extension settings, History Delete Directives, Device Info, User Consents, Send Tab To Self, Web Apps, History, Saved Tab Group, WebAuthn Credentials, Edge Hub App Usage, Edge Workspace, Encryption Keys}
{"logTime": "0917/125747", "correlationVector":"no6gjZbE9DwApP7ekiIIvA.1","action":"SyncServerConnectionManagerRequest", "result":"SYNC_SERVER_OK", "context":{"environment":"Prod_southeastasia_prod-s01-065-apac-southeastasia", "migrationStage":"NotStarted", "server":"akswtt00300002z"}}
{"logTime": "0917/125747", "correlationVector":"no6gjZbE9DwApP7ekiIIvA.2","action":"ProcessGetUpdates", "result":"Done", "context":{"dataType":"Sessions", "deleted":"1", "process_failed_to_decrypt":"0", "process_pending_decryption":"0", "process_success":"3", "total":"3"}}
{"logTime": "0917/125747", "correlationVector":"no6gjZbE9DwApP7ekiIIvA.3","action":"ProcessGetUpdates", "result":"Done", "context":{"dataType":"History", "deleted":"0", "process_failed_to_decrypt":"0", "process_pending_decryption":"0", "process_success":"4", "total":"4"}}
{"logTime": "0917/125747", "correlationVector":"no6gjZbE9DwApP7ekiIIvA.4","action":"GetUpdates Response", "result":"Success", "context":Received 7 update(s). cV=no6gjZbE9DwApP7ekiIIvA.0;server=akswtt00300002z;cloudType=Consumer;environment=Prod_southeastasia_prod-s01-065-apac-southeastasia;migrationStage=NotStarted}
{"logTime": "0917/125747", "correlationVector":"f7Zb0G3vaJ+9+T9xxTx/Cm","action":"Commit Request", "result":"", "context":Item count: 4
Contributing types: Sessions, History}
{"logTime": "0917/125747", "correlationVector":"f7Zb0G3vaJ+9+T9xxTx/Cm.1","action":"SyncServerConnectionManagerRequest", "result":"SYNC_SERVER_OK", "context":{"environment":"Prod_southeastasia_prod-s01-065-apac-southeastasia", "migrationStage":"NotStarted", "server":"akswtt003000006"}}
{"logTime": "0917/125747", "correlationVector":"f7Zb0G3vaJ+9+T9xxTx/Cm.2","action":"Commit Response", "result":"Success", "context":Result: Success. cV=f7Zb0G3vaJ+9+T9xxTx/Cm.0;server=akswtt003000006;cloudType=Consumer;environment=Prod_southeastasia_prod-s01-065-apac-southeastasia;migrationStage=NotStarted}
